// Jest Snapshot v1, https://goo.gl/fbAQLP

exports[`<OfferList /> render correctly renders Offer List 1`] = `
<div
  className="cities__places-list places__list tabs__content"
/>
`;
